eltex-pg1-v14@eltex-2026-spring-19:39> cd ~
eltex-pg1-v14@eltex-2026-spring-19:39> touch $USER_part3.log
eltex-pg1-v14@eltex-2026-spring-19:39> mkdir -p D1/D2/D3
eltex-pg1-v14@eltex-2026-spring-19:40> touch D1/D2/file.txt
eltex-pg1-v14@eltex-2026-spring-19:40> echo "Это тестовый текст для практики" >> D1/D2/file.txt
eltex-pg1-v14@eltex-2026-spring-19:40> cat D1/D2/file.txt
Это тестовый текст для практики

eltex-pg1-v14@eltex-2026-spring-19:40> ln -s ~/D1/D2/file.txt ~/D1/D2/D3/symlink_file.txt
eltex-pg1-v14@eltex-2026-spring-19:40> ln ~/D1/D2/file.txt ~/D1/D2/D3/hardlink_file.txt
eltex-pg1-v14@eltex-2026-spring-19:40> ls -lai ~/D1/D2/D3/
total 12
134722 drwxr-xr-x 2 eltex-pg1-v14 eltex-pg1-v14 4096 Mar 19 19:40 .
131160 drwxr-xr-x 3 eltex-pg1-v14 eltex-pg1-v14 4096 Mar 19 19:40 ..
134723 -rw-r--r-- 2 eltex-pg1-v14 eltex-pg1-v14   59 Mar 19 19:40 hardlink_file.txt
134724 lrwxrwxrwx 1 eltex-pg1-v14 eltex-pg1-v14   34 Mar 19 19:40 symlink_file.txt -> /home/eltex-pg1-v14/D1/D2/file.txt

eltex-pg1-v14@eltex-2026-spring-19:40> mv ~/D1/D2/file.txt ~/D1/
eltex-pg1-v14@eltex-2026-spring-19:41> cat ~/D1/D2/D3/symlink_file.txt
cat: /home/eltex-pg1-v14/D1/D2/D3/symlink_file.txt: No such file or directory
eltex-pg1-v14@eltex-2026-spring-19:41> cat ~/D1/D2/D3/hardlink_file.txt
Это тестовый текст для практики

eltex-pg1-v14@eltex-2026-spring-19:41> rm -rf ~/D1/D2
eltex-pg1-v14@eltex-2026-spring-19:41> ls ~/D1/
file.txt

eltex-pg1-v14@eltex-2026-spring-19:41> find / -type f -size +20M 2>/dev/null
/usr/bin/x86_64-linux-gnu-lto-dump-12
/usr/lib/gcc/x86_64-linux-gnu/12/lto1
/usr/lib/gcc/x86_64-linux-gnu/12/cc1
/usr/lib/x86_64-linux-gnu/libicudata.so.72.1
/proc/kcore
/home/eltex-pg2-v10/eltex-pg2-v10_part.log
/boot/initrd.img-6.1.0-43-amd64
/boot/initrd.img-6.1.0-40-amd64
/var/log/journal/8247b53b6ae84ae0ad9bb1c96113fd29/system@4f44ef78d53d4cd0a5555898b8d0015b-0000000000021f7c-00064c3f482d4944.journal
/var/log/journal/8247b53b6ae84ae0ad9bb1c96113fd29/system.journal
/var/cache/apt/srcpkgcache.bin
/var/cache/apt/pkgcache.bin
/var/lib/apt/lists/deb.debian.org_debian_dists_bookworm_main_binary-amd64_Packages
/var/lib/apt/lists/deb.debian.org_debian_dists_bookworm_main_source_Sources
/var/lib/apt/lists/deb.debian.org_debian_dists_bookworm_main_i18n_Translation-en



eltex-pg1-v14@eltex-2026-spring-19:42> find / -type f -size +20M -exec du -h {} \; 2>/dev/null
31M     /usr/bin/x86_64-linux-gnu-lto-dump-12
31M     /usr/lib/gcc/x86_64-linux-gnu/12/lto1
32M     /usr/lib/gcc/x86_64-linux-gnu/12/cc1
30M     /usr/lib/x86_64-linux-gnu/libicudata.so.72.1
0       /proc/kcore
205M    /home/eltex-pg2-v10/eltex-pg2-v10_part.log
33M     /boot/initrd.img-6.1.0-43-amd64
33M     /boot/initrd.img-6.1.0-40-amd64
43M     /var/log/journal/8247b53b6ae84ae0ad9bb1c96113fd29/system@4f44ef78d53d4cd0a5555898b8d0015b-0000000000021f7c-00064c3f482d4944.journal
41M     /var/log/journal/8247b53b6ae84ae0ad9bb1c96113fd29/system.journal
39M     /var/cache/apt/srcpkgcache.bin
39M     /var/cache/apt/pkgcache.bin
48M     /var/lib/apt/lists/deb.debian.org_debian_dists_bookworm_main_binary-amd64_Packages
49M     /var/lib/apt/lists/deb.debian.org_debian_dists_bookworm_main_source_Sources
32M     /var/lib/apt/lists/deb.debian.org_debian_dists_bookworm_main_i18n_Translation-en

eltex-pg1-v14@eltex-2026-spring-19:42> find / -type f -size +20M 2>/dev/null > ~/$USER_part3_gt50M.log
eltex-pg1-v14@eltex-2026-spring-19:42> cat ~/$USER_part3_gt50M.log
/usr/bin/x86_64-linux-gnu-lto-dump-12
/usr/lib/gcc/x86_64-linux-gnu/12/lto1
/usr/lib/gcc/x86_64-linux-gnu/12/cc1
/usr/lib/x86_64-linux-gnu/libicudata.so.72.1
/proc/kcore
/home/eltex-pg2-v10/eltex-pg2-v10_part.log
/boot/initrd.img-6.1.0-43-amd64
/boot/initrd.img-6.1.0-40-amd64
/var/log/journal/8247b53b6ae84ae0ad9bb1c96113fd29/system@4f44ef78d53d4cd0a5555898b8d0015b-0000000000021f7c-00064c3f482d4944.journal
/var/log/journal/8247b53b6ae84ae0ad9bb1c96113fd29/system.journal
/var/cache/apt/srcpkgcache.bin
/var/cache/apt/pkgcache.bin
/var/lib/apt/lists/deb.debian.org_debian_dists_bookworm_main_binary-amd64_Packages
/var/lib/apt/lists/deb.debian.org_debian_dists_bookworm_main_source_Sources
/var/lib/apt/lists/deb.debian.org_debian_dists_bookworm_main_i18n_Translation-en

eltex-pg1-v14@eltex-2026-spring-19:42> find ~ -type f -mtime -1
/home/eltex-pg1-v14/practice2_eltex-pg1-v14_part1.log
/home/eltex-pg1-v14/.ssh/id_rsa.pub
/home/eltex-pg1-v14/.ssh/id_rsa
/home/eltex-pg1-v14/.log
/home/eltex-pg1-v14/D1/file.txt
/home/eltex-pg1-v14/.bash_history

eltex-pg1-v14@eltex-2026-spring-19:42> which find
/usr/bin/find
eltex-pg1-v14@eltex-2026-spring-19:42> file $(which find)
/usr/bin/find: ELF 64-bit LSB pie executable, x86-64, version 1 (SYSV), dynamically linked, interpreter /lib64/ld-linux-x86-64.so.2, BuildID[sha1]=5545a6c7162d325fbe5ffabcbfe4e5521b66ce70, for GNU/Linux 3.2.0, stripped
eltex-pg1-v14@eltex-2026-spring-19:42> file /boot/initrd.img*
/boot/initrd.img-6.1.0-40-amd64: ASCII cpio archive (SVR4 with no CRC)
/boot/initrd.img-6.1.0-43-amd64: ASCII cpio archive (SVR4 with no CRC)



